// Jest Snapshot v1, https://goo.gl/fbAQLP

exports[`ProductImage renders custom Image component 1`] = `
<img
  alt="Product"
  className="productImg custom-class"
  src="https://hi.jpg"
/>
`;

exports[`ProductImage should render component with product image 1`] = `
<div
  className="productCard undefined"
>
  <img
    alt="Product"
    className="productImg undefined"
    src="./coffee-mug.png"
  />
</div>
`;
